string(27) "B::func2: This should work!"
string(27) "B::func3: This should work!"

Warning: call_user_func_array() expects parameter 1 to be a valid callback, class 'C' does not have a method 'inexistent' in /media/zaak/c8e4533f-1124-4ef8-9ae0-bf67b87532ee/projects/php-src/Zend/tests/bug48770_3.php on line 22